// Jest Snapshot v1, https://goo.gl/fbAQLP

exports[`extractHeadings Benchmark should handle markdown with a large number of headings (snapshot test) 1`] = `
{
  "firstFive": [
    {
      "level": 2,
      "title": "Heading 1",
    },
    {
      "level": 3,
      "title": "Heading 2",
    },
    {
      "level": 4,
      "title": "Heading 3",
    },
    {
      "level": 5,
      "title": "Heading 4",
    },
    {
      "level": 6,
      "title": "Heading 5",
    },
  ],
  "lastFive": [
    {
      "level": 1,
      "title": "Heading 996",
    },
    {
      "level": 2,
      "title": "Heading 997",
    },
    {
      "level": 3,
      "title": "Heading 998",
    },
    {
      "level": 4,
      "title": "Heading 999",
    },
    {
      "level": 5,
      "title": "Heading 1000",
    },
  ],
  "totalCount": 1000,
}
`;
